--- Debugging Env Load ---
Sheet ID exists: true
Creds length: 2391
--------------------------
✅ Google Auth Ready
🚀 Server is running on port 3000
<!DOCTYPE html>

    
    
    
    
    
    
    

    
    <html lang="en">
      <head>
        <meta name="pageKey" content="d_jobs_guest_details">
          
    <meta name="robots" content="max-image-preview:large, noarchive">
    <meta name="bingbot" content="max-image-preview:large, archive">
  
<!----><!---->        <meta name="locale" content="en_US">
<!---->        <meta id="config" data-app-version="2.0.2804" data-call-tree-id="AAZLlpFT0sKMdnScAJ3PGw==" data-multiproduct-name="jobs-guest-frontend" data-service-name="jobs-guest-frontend" data-browser-id="26bf7a54-34b2-42ba-83b9-91f659894638" data-is-bot="false" data-enable-page-view-heartbeat-tracking data-page-instance="urn:li:page:d_jobs_guest_details;jFrbgwIkSEKyYwJhXZwc9Q==" data-disable-jsbeacon-pagekey-suffix="false" data-member-id="0" data-should-use-full-url-in-pve-path="true" data-dna-member-lix-treatment="enabled" data-human-member-lix-treatment="enabled" data-dfp-member-lix-treatment="control" data-sync-apfc-head
<!DOCTYPE html>

    
    
    
    
    
    
    

    
    <html lang="en">
      <head>
        <meta name="pageKey" content="d_jobs_guest_details">
          
    <meta name="robots" content="max-image-preview:large, noarchive">
    <meta name="bingbot" content="max-image-preview:large, archive">
  
<!----><!---->        <meta name="locale" content="en_US">
<!---->        <meta id="config" data-app-version="2.0.2804" data-call-tree-id="AAZLlpFhH6AYndhJwsLBzQ==" data-multiproduct-name="jobs-guest-frontend" data-service-name="jobs-guest-frontend" data-browser-id="fc22d2ef-c4e0-472d-888d-74df059528ed" data-is-bot="false" data-enable-page-view-heartbeat-tracking data-page-instance="urn:li:page:d_jobs_guest_details;LvvtyjbwTfWf/IVNjzN6HA==" data-disable-jsbeacon-pagekey-suffix="false" data-member-id="0" data-should-use-full-url-in-pve-path="true" data-dna-member-lix-treatment="enabled" data-human-member-lix-treatment="enabled" data-dfp-member-lix-treatment="control" data-sync-apfc-head
